{
    "wallTime": 115,
    "cpuTime": 114,
    "truncated": false,
    "executionModel": "stateless",
    "outcome": "ok",
    "scriptVersion": {
        "id": "851255ab-43a7-4dc9-9128-13065518c957"
    },
    "scriptName": "pages-worker--14412277-production",
    "diagnosticsChannelEvents": [],
    "exceptions": [],
    "logs": [
        {
            "message": [
                "⨯",
                "TypeError: Cannot read properties of undefined (reading 'require')"
            ],
            "level": "error",
            "timestamp": 1780633383647
        }
    ],
    "eventTimestamp": 1780633383424,
    "event": {
        "request": {
            "url": "https://yewon-rules.pages.dev/",
            "method": "GET",
            "headers": {
                "accept-encoding": "gzip, br",
                "cf-connecting-ip": "74.125.216.67",
                "cf-ipcountry": "US",
                "cf-ray": "a06c665658f961ac",
                "cf-visitor": "{\"scheme\":\"https\"}",
                "connection": "Keep-Alive",
                "host": "yewon-rules.pages.dev",
                "user-agent": "Google-Jetski-Antigravity",
                "x-forwarded-proto": "https",
                "x-real-ip": "74.125.216.67"
            },
            "cf": {
                "httpProtocol": "HTTP/1.1",
                "clientAcceptEncoding": "gzip, deflate, br",
                "requestPriority": "",
                "edgeRequestKeepAliveStatus": 1,
                "requestHeaderNames": {},
                "clientTcpRtt": 10,
                "clientQuicRtt": 0,
                "colo": "ORD",
                "asn": 15169,
                "asOrganization": "Google LLC",
                "country": "US",
                "isEUCountry": false,
                "city": "Omaha",
                "continent": "NA",
                "region": "Nebraska",
                "regionCode": "NE",
                "timezone": "America/Chicago",
                "longitude": "-95.94043",
                "latitude": "41.25626",
                "postalCode": "68101",
                "metroCode": "652",
                "tlsVersion": "TLSv1.3",
                "tlsCipher": "AEAD-AES128-GCM-SHA256",
                "tlsClientRandom": "KQvzvGnNvHIss/cExiIKzhYolb7BTKi72pZFrxmc5wc=",
                "tlsClientCiphersSha1": "vBP9vC8rsKpvbcxfH9XPOo6HMNQ=",
                "tlsClientExtensionsSha1": "dDEjPtaL4rvRxK06gZJtPPULaAM=",
                "tlsClientExtensionsSha1Le": "+5vZBbwxYz3ZlOnxcWdSppXqAwI=",
                "tlsExportedAuthenticator": {
                    "clientHandshake": "e8aef9aeb29adaad9c08031adb63d7a80a03d4ac2855920df700d78140cc2b87",
                    "serverHandshake": "1c7bd0d7e5ff38b6ae03bc199a46f4a6c358fa80795e06b50e91fdb6822e810e",
                    "clientFinished": "7a07ca46ef25da26a0558a3038b53a2e5e05fe8a57fa1d837c3e76aca20b5165",
                    "serverFinished": "e1f967ee09db8b90688309efbb5dd9faecd42faab0f05868bbdf3b50ef6d451e"
                },
                "tlsClientHelloLength": "508",
                "tlsClientAuth": {
                    "certPresented": "0",
                    "certVerified": "NONE",
                    "certRevoked": "0",
                    "certIssuerDN": "",
                    "certSubjectDN": "",
                    "certIssuerDNRFC2253": "",
                    "certSubjectDNRFC2253": "",
                    "certIssuerDNLegacy": "",
                    "certSubjectDNLegacy": "",
                    "certSerial": "",
                    "certIssuerSerial": "",
                    "certSKI": "",
                    "certIssuerSKI": "",
                    "certFingerprintSHA1": "",
                    "certFingerprintSHA256": "",
                    "certNotBefore": "",
                    "certNotAfter": "",
                    "certRFC9440": "",
                    "certRFC9440TooLarge": false,
                    "certChainRFC9440": "",
                    "certChainRFC9440TooLarge": false
                },
                "verifiedBotCategory": "",
                "edgeL4": {
                    "deliveryRate": 416584
                },
                "pagesHostName": "yewon-rules.pages.dev",
                "botManagement": {
                    "corporateProxy": false,
                    "verifiedBot": false,
                    "jsDetection": {
                        "passed": false
                    },
                    "staticResource": false,
                    "detectionIds": {},
                    "score": 99
                }
            }
        },
        "response": {
            "status": 500
        }
    }
}
{
    "wallTime": 65,
    "cpuTime": 65,
    "truncated": false,
    "executionModel": "stateless",
    "outcome": "ok",
    "scriptVersion": {
        "id": "851255ab-43a7-4dc9-9128-13065518c957"
    },
    "scriptName": "pages-worker--14412277-production",
    "diagnosticsChannelEvents": [],
    "exceptions": [],
    "logs": [
        {
            "message": [
                "⨯",
                "TypeError: Cannot read properties of undefined (reading 'require')"
            ],
            "level": "error",
            "timestamp": 1780633384173
        }
    ],
    "eventTimestamp": 1780633384010,
    "event": {
        "request": {
            "url": "https://yewon-rules.pages.dev/",
            "method": "HEAD",
            "headers": {
                "accept-encoding": "gzip, br",
                "cf-connecting-ip": "220.66.32.1",
                "cf-ipcountry": "KR",
                "cf-ray": "a06c6659fe1ea7bf",
                "cf-visitor": "{\"scheme\":\"https\"}",
                "connection": "Keep-Alive",
                "host": "yewon-rules.pages.dev",
                "user-agent": "Go-http-client/2.0",
                "x-forwarded-proto": "https",
                "x-real-ip": "220.66.32.1"
            },
            "cf": {
                "httpProtocol": "HTTP/2",
                "requestPriority": "weight=16;exclusive=0;group=0;group-weight=0",
                "edgeRequestKeepAliveStatus": 1,
                "requestHeaderNames": {},
                "clientTcpRtt": 3,
                "clientQuicRtt": 0,
                "colo": "ICN",
                "asn": 3786,
                "asOrganization": "Yewon Arts University",
                "country": "KR",
                "isEUCountry": false,
                "city": "Seoul",
                "continent": "AS",
                "region": "Seoul",
                "regionCode": "11",
                "timezone": "Asia/Seoul",
                "longitude": "126.9784",
                "latitude": "37.566",
                "postalCode": "03141",
                "tlsVersion": "TLSv1.3",
                "tlsCipher": "AEAD-AES128-GCM-SHA256",
                "tlsClientRandom": "MWIAdRgO9IkJ7ff8zC/qO/DLWIid4YH73uvOf1k4upY=",
                "tlsClientCiphersSha1": "QrF6UadKW3vtNOqdNqbd4frxxxE=",
                "tlsClientExtensionsSha1": "4bG1Y8rLaQO7Zz8LsR9/kLSZA1k=",
                "tlsClientExtensionsSha1Le": "pMUsb7QtBZ73yrr4pkFYSqVzFlU=",
                "tlsExportedAuthenticator": {
                    "clientHandshake": "1d40dd1821ab736becd2d56dcea328afa9c95a898b9ed3d3d5a3ea626f8deba2",
                    "serverHandshake": "a26aeef305abce96e7e103cc9b46c5073a9bb2d3c363e05f601d3f833d780114",
                    "clientFinished": "844b1971be33de27ebc5f256265fc3894eb9acd1f13cdcf369ad3f5ad23764bf",
                    "serverFinished": "132f517449ce8d0e5fb89430a04db604fb0c885e6e32bf27c7ea85e824e8aa19"
                },
                "tlsClientHelloLength": "1522",
                "tlsClientAuth": {
                    "certPresented": "0",
                    "certVerified": "NONE",
                    "certRevoked": "0",
                    "certIssuerDN": "",
                    "certSubjectDN": "",
                    "certIssuerDNRFC2253": "",
                    "certSubjectDNRFC2253": "",
                    "certIssuerDNLegacy": "",
                    "certSubjectDNLegacy": "",
                    "certSerial": "",
                    "certIssuerSerial": "",
                    "certSKI": "",
                    "certIssuerSKI": "",
                    "certFingerprintSHA1": "",
                    "certFingerprintSHA256": "",
                    "certNotBefore": "",
                    "certNotAfter": "",
                    "certRFC9440": "",
                    "certRFC9440TooLarge": false,
                    "certChainRFC9440": "",
                    "certChainRFC9440TooLarge": false
                },
                "verifiedBotCategory": "",
                "edgeL4": {
                    "deliveryRate": 1534016
                },
                "pagesHostName": "yewon-rules.pages.dev",
                "botManagement": {
                    "corporateProxy": false,
                    "verifiedBot": false,
                    "jsDetection": {
                        "passed": false
                    },
                    "staticResource": false,
                    "detectionIds": {},
                    "score": 99
                }
            }
        },
        "response": {
            "status": 500
        }
    }
}
{
    "wallTime": 5,
    "cpuTime": 5,
    "truncated": false,
    "executionModel": "stateless",
    "outcome": "ok",
    "scriptVersion": {
        "id": "851255ab-43a7-4dc9-9128-13065518c957"
    },
    "scriptName": "pages-worker--14412277-production",
    "diagnosticsChannelEvents": [],
    "exceptions": [],
    "logs": [
        {
            "message": [
                "⨯",
                "TypeError: components.ComponentMod.handler is not a function"
            ],
            "level": "error",
            "timestamp": 1780633384250
        }
    ],
    "eventTimestamp": 1780633384250,
    "event": {
        "request": {
            "url": "https://yewon-rules.pages.dev/",
            "method": "GET",
            "headers": {
                "accept-encoding": "gzip, br",
                "cf-connecting-ip": "220.66.32.1",
                "cf-ipcountry": "KR",
                "cf-ray": "a06c665b8edfa7bf",
                "cf-visitor": "{\"scheme\":\"https\"}",
                "connection": "Keep-Alive",
                "host": "yewon-rules.pages.dev",
                "user-agent": "Go-http-client/2.0",
                "x-forwarded-proto": "https",
                "x-real-ip": "220.66.32.1"
            },
            "cf": {
                "httpProtocol": "HTTP/2",
                "clientAcceptEncoding": "gzip",
                "requestPriority": "weight=16;exclusive=0;group=0;group-weight=0",
                "edgeRequestKeepAliveStatus": 1,
                "requestHeaderNames": {},
                "clientTcpRtt": 3,
                "clientQuicRtt": 0,
                "colo": "ICN",
                "asn": 3786,
                "asOrganization": "Yewon Arts University",
                "country": "KR",
                "isEUCountry": false,
                "city": "Seoul",
                "continent": "AS",
                "region": "Seoul",
                "regionCode": "11",
                "timezone": "Asia/Seoul",
                "longitude": "126.9784",
                "latitude": "37.566",
                "postalCode": "03141",
                "tlsVersion": "TLSv1.3",
                "tlsCipher": "AEAD-AES128-GCM-SHA256",
                "tlsClientRandom": "MWIAdRgO9IkJ7ff8zC/qO/DLWIid4YH73uvOf1k4upY=",
                "tlsClientCiphersSha1": "QrF6UadKW3vtNOqdNqbd4frxxxE=",
                "tlsClientExtensionsSha1": "4bG1Y8rLaQO7Zz8LsR9/kLSZA1k=",
                "tlsClientExtensionsSha1Le": "pMUsb7QtBZ73yrr4pkFYSqVzFlU=",
                "tlsExportedAuthenticator": {
                    "clientHandshake": "1d40dd1821ab736becd2d56dcea328afa9c95a898b9ed3d3d5a3ea626f8deba2",
                    "serverHandshake": "a26aeef305abce96e7e103cc9b46c5073a9bb2d3c363e05f601d3f833d780114",
                    "clientFinished": "844b1971be33de27ebc5f256265fc3894eb9acd1f13cdcf369ad3f5ad23764bf",
                    "serverFinished": "132f517449ce8d0e5fb89430a04db604fb0c885e6e32bf27c7ea85e824e8aa19"
                },
                "tlsClientHelloLength": "1522",
                "tlsClientAuth": {
                    "certPresented": "0",
                    "certVerified": "NONE",
                    "certRevoked": "0",
                    "certIssuerDN": "",
                    "certSubjectDN": "",
                    "certIssuerDNRFC2253": "",
                    "certSubjectDNRFC2253": "",
                    "certIssuerDNLegacy": "",
                    "certSubjectDNLegacy": "",
                    "certSerial": "",
                    "certIssuerSerial": "",
                    "certSKI": "",
                    "certIssuerSKI": "",
                    "certFingerprintSHA1": "",
                    "certFingerprintSHA256": "",
                    "certNotBefore": "",
                    "certNotAfter": "",
                    "certRFC9440": "",
                    "certRFC9440TooLarge": false,
                    "certChainRFC9440": "",
                    "certChainRFC9440TooLarge": false
                },
                "verifiedBotCategory": "",
                "edgeL4": {
                    "deliveryRate": 1534016
                },
                "pagesHostName": "yewon-rules.pages.dev",
                "botManagement": {
                    "corporateProxy": false,
                    "verifiedBot": false,
                    "jsDetection": {
                        "passed": false
                    },
                    "staticResource": false,
                    "detectionIds": {},
                    "score": 99
                }
            }
        },
        "response": {
            "status": 500
        }
    }
}
